// Jest Snapshot v1, https://goo.gl/fbAQLP

exports[`LayerControl matches the snapshot 1`] = `
.c12 {
  visibility: hidden;
}

.c6 {
  display: inline-block;
  vertical-align: middle;
}

.c8 {
  border: 0;
  -webkit-clip: rect(0 0 0 0);
  clip: rect(0 0 0 0);
  height: 1px;
  margin: -1px;
  overflow: hidden;
  padding: 0;
  position: absolute;
  white-space: nowrap;
  width: 1px;
  -webkit-clip-path: inset(50%);
  clip-path: inset(50%);
}

.c10 {
  cursor: pointer;
  display: -webkit-box;
  display: -webkit-flex;
  display: -ms-flexbox;
  display: flex;
  -webkit-align-items: center;
  -webkit-box-align: center;
  -ms-flex-align: center;
  align-items: center;
  -webkit-box-pack: center;
  -webkit-justify-content: center;
  -ms-flex-pack: center;
  justify-content: center;
  width: 20px;
  height: 20px;
  background-color: #FFFFFF;
  border: 1px solid #DBDEEF;
  border-radius: 4px;
  -webkit-transition: all 150ms;
  transition: all 150ms;
}

.c7:focus + .c9 {
  box-shadow: 0 0 0 3px #F98E08;
}

.c10 .c11 {
  visibility: hidden;
}

.c17 {
  cursor: pointer;
  display: -webkit-box;
  display: -webkit-flex;
  display: -ms-flexbox;
  display: flex;
  -webkit-align-items: center;
  -webkit-box-align: center;
  -ms-flex-align: center;
  align-items: center;
  -webkit-box-pack: center;
  -webkit-justify-content: center;
  -ms-flex-pack: center;
  justify-content: center;
  width: 20px;
  height: 20px;
  background-color: #FFFFFF;
  border: 1px solid #F98E08;
  border-radius: 4px;
  -webkit-transition: all 150ms;
  transition: all 150ms;
}

.c7:focus + .c9 {
  box-shadow: 0 0 0 3px #F98E08;
}

.c17 .c11 {
  visibility: visible;
}

.c5 {
  color: #304CA2;
  font-family: Open Sans,sans-serif;
  font-size: 14pt;
  font-weight: 400;
  background-color: #F4F5F7;
  border-top: 1px solid #FFFFFF;
  display: grid;
  grid-template-columns: auto 1fr auto 16px;
  -webkit-align-items: center;
  -webkit-box-align: center;
  -ms-flex-align: center;
  align-items: center;
  gap: 16px;
  padding: 16px;
}

.c18 {
  padding: 20px;
  background-color: #F4F5F7;
}

.c18 .input-range__track--background {
  background: #F4F5F7;
}

.c18 .input-range__slider {
  background: #304CA2;
  border: 0;
  border-radius: 0;
  height: 12px;
  margin-left: -4px;
  margin-top: -12px;
  width: 8px;
}

.c18 .input-range__slider::before {
  border-bottom: 8px solid #304CA2;
  border-left: 4px solid transparent;
  border-right: 4px solid transparent;
  content: '';
  width: 0;
  height: 0;
  position: absolute;
  left: 0;
  top: -8px;
}

.c18 .input-range__label--value {
  top: -40px;
}

.c18 .input-range__label--min,
.c18 .input-range__label--max {
  bottom: -16px;
}

.c19 {
  height: 18px;
  width: 100%;
  background: #F4F5F7;
  background: linear-gradient( 90deg, #FFFFFF 0%, #304CA2 100% );
  opacity: 0.5;
  margin-bottom: -6px;
}

.c20 {
  background: orange;
  height: 2px;
  width: 25px;
}

.c1 {
  -webkit-appearance: none;
  -moz-appearance: none;
  appearance: none;
  background: 0;
  border: 0;
  padding: 0 8px;
  -webkit-box-flex: 1;
  -webkit-flex-grow: 1;
  -ms-flex-positive: 1;
  flex-grow: 1;
  -webkit-flex-shrink: 0;
  -ms-flex-negative: 0;
  flex-shrink: 0;
  margin: 0;
  display: -webkit-box;
  display: -webkit-flex;
  display: -ms-flexbox;
  display: flex;
  -webkit-box-pack: justify;
  -webkit-justify-content: space-between;
  -ms-flex-pack: justify;
  justify-content: space-between;
  -webkit-align-items: center;
  -webkit-box-align: center;
  -ms-flex-align: center;
  align-items: center;
  gap: 16px;
  width: -webkit-fit-content;
  width: -moz-fit-content;
  width: fit-content;
}

.c1 > div {
  display: -webkit-inline-box;
  display: -webkit-inline-flex;
  display: -ms-inline-flexbox;
  display: inline-flex;
  gap: 16px;
  -webkit-align-items: center;
  -webkit-box-align: center;
  -ms-flex-align: center;
  align-items: center;
}

.c0 {
  -webkit-align-items: center;
  -webkit-box-align: center;
  -ms-flex-align: center;
  align-items: center;
  padding: 16px 8px;
  display: -webkit-box;
  display: -webkit-flex;
  display: -ms-flexbox;
  display: flex;
  border-left: 5px solid #FFFFFF;
  border-top: 1px solid #DBDEEF;
  border-bottom: 1px solid #DBDEEF;
  margin: -1px 0 0 -1px;
}

.c13 {
  -webkit-align-items: center;
  -webkit-box-align: center;
  -ms-flex-align: center;
  align-items: center;
  padding: 16px 8px;
  display: -webkit-box;
  display: -webkit-flex;
  display: -ms-flexbox;
  display: flex;
  border-left: 5px solid #F98E08;
  border-top: 1px solid #DBDEEF;
  border-bottom: 1px solid #DBDEEF;
  margin: -1px 0 0 -1px;
}

.c3 {
  display: -webkit-box;
  display: -webkit-flex;
  display: -ms-flexbox;
  display: flex;
  -webkit-flex-direction: column;
  -ms-flex-direction: column;
  flex-direction: column;
  -webkit-align-items: start;
  -webkit-box-align: start;
  -ms-flex-align: start;
  align-items: start;
}

.c3 h2 {
  margin: 0;
  color: #304CA2;
  font-family: Open Sans,sans-serif;
  font-size: 16pt;
  font-weight: 700;
  text-align: start;
}

.c3 p {
  margin: 0;
  color: #373E49;
  font-family: Open Sans,sans-serif;
  font-size: 10pt;
  font-weight: 400;
  text-align: start;
}

.c4:focus {
  outline: none;
}

.c2 {
  background-color: #F4F5F7;
  border-radius: 4px;
  width: 32px;
  height: 32px;
}

.c14 {
  background-color: #FDEFD9;
  border-radius: 4px;
  width: 32px;
  height: 32px;
}

.c15 {
  border-top: 1px solid #FFFFFF;
  border-bottom: 0;
  background-color: #F4F5F7;
}

.c16 {
  color: #304CA2;
  font-family: Open Sans,sans-serif;
  font-size: 12pt;
  font-weight: 700;
  text-transform: uppercase;
  margin: 0;
}

<div
  data-reach-accordion=""
>
  <div
    data-reach-accordion-item=""
    data-state="collapsed"
  >
    <div
      className="c0"
    >
      <button
        aria-controls="panel--5---1"
        aria-expanded={false}
        className="c1"
        data-reach-accordion-button=""
        id="button--5---1"
        onClick={[Function]}
        onKeyDown={[Function]}
      >
        <div>
          <div
            className="c2"
          >
            
          </div>
          <div
            className="c3"
          >
            <h2>
              Administrative Boundaries
            </h2>
            <p>
              Detailed dataset of country administrative both large and small scale.
            </p>
          </div>
        </div>
        <span
          aria-label="chevron down"
          role="img"
        >
          <svg
            height="16"
            version="1.1"
            viewBox="0 0 16 16"
            width="16"
            xmlns="http://www.w3.org/2000/svg"
          >
            <rect
              fill="none"
              height="16"
              width="16"
            />
            <polygon
              fill="#304CA2"
              points="14.586,3.586 8,10.172 1.414,3.586 0,5 8,13 16,5"
            />
          </svg>
        </span>
      </button>
    </div>
    <div
      aria-labelledby="button--5---1"
      className="c4"
      data-reach-accordion-panel=""
      data-state="collapsed"
      hidden={true}
      id="panel--5---1"
      role="region"
      tabIndex={-1}
    >
      <label
        className="c5"
        htmlFor="counties"
      >
        <div
          className="c6"
        >
          <input
            checked={false}
            className="c7 c8"
            id="counties"
            onChange={[Function]}
            type="checkbox"
          />
          <div
            checked={false}
            className="c9 c10"
          >
            <div
              className="c11 c12"
            >
              <svg
                height="16"
                version="1.1"
                viewBox="0 0 16 16"
                width="16"
                xmlns="http://www.w3.org/2000/svg"
              >
                <rect
                  fill="none"
                  height="16"
                  width="16"
                />
                <path
                  d="M2,9.014L3.414,7.6L6.004,10.189L12.593,3.6L14.007,5.014L6.003,13.017L2,9.014Z"
                  fill="#F98E08"
                />
              </svg>
            </div>
          </div>
        </div>
        Counties
        <span
          className="input-range__label"
        />
        
      </label>
      <label
        className="c5"
        htmlFor="sub-counties"
      >
        <div
          className="c6"
        >
          <input
            checked={false}
            className="c7 c8"
            id="sub-counties"
            onChange={[Function]}
            type="checkbox"
          />
          <div
            checked={false}
            className="c9 c10"
          >
            <div
              className="c11 c12"
            >
              <svg
                height="16"
                version="1.1"
                viewBox="0 0 16 16"
                width="16"
                xmlns="http://www.w3.org/2000/svg"
              >
                <rect
                  fill="none"
                  height="16"
                  width="16"
                />
                <path
                  d="M2,9.014L3.414,7.6L6.004,10.189L12.593,3.6L14.007,5.014L6.003,13.017L2,9.014Z"
                  fill="#F98E08"
                />
              </svg>
            </div>
          </div>
        </div>
        Sub-Counties
        <span
          className="input-range__label"
        />
        
      </label>
      <label
        className="c5"
        htmlFor="wards"
      >
        <div
          className="c6"
        >
          <input
            checked={false}
            className="c7 c8"
            id="wards"
            onChange={[Function]}
            type="checkbox"
          />
          <div
            checked={false}
            className="c9 c10"
          >
            <div
              className="c11 c12"
            >
              <svg
                height="16"
                version="1.1"
                viewBox="0 0 16 16"
                width="16"
                xmlns="http://www.w3.org/2000/svg"
              >
                <rect
                  fill="none"
                  height="16"
                  width="16"
                />
                <path
                  d="M2,9.014L3.414,7.6L6.004,10.189L12.593,3.6L14.007,5.014L6.003,13.017L2,9.014Z"
                  fill="#F98E08"
                />
              </svg>
            </div>
          </div>
        </div>
        Wards
        <span
          className="input-range__label"
        />
        
      </label>
    </div>
  </div>
  <div
    data-reach-accordion-item=""
    data-state="collapsed"
  >
    <div
      className="c13"
    >
      <button
        aria-controls="panel--5---1"
        aria-expanded={false}
        className="c1"
        data-reach-accordion-button=""
        id="button--5---1"
        onClick={[Function]}
        onKeyDown={[Function]}
      >
        <div>
          <div
            className="c14"
          >
            
          </div>
          <div
            className="c3"
          >
            <h2>
              Energy
            </h2>
            <p>
              Location of mini-grids, transmission lines, fuels & technologies used.
            </p>
          </div>
        </div>
        <span
          aria-label="chevron down"
          role="img"
        >
          <svg
            height="16"
            version="1.1"
            viewBox="0 0 16 16"
            width="16"
            xmlns="http://www.w3.org/2000/svg"
          >
            <rect
              fill="none"
              height="16"
              width="16"
            />
            <polygon
              fill="#304CA2"
              points="14.586,3.586 8,10.172 1.414,3.586 0,5 8,13 16,5"
            />
          </svg>
        </span>
      </button>
    </div>
    <div
      aria-labelledby="button--5---1"
      className="c4"
      data-reach-accordion-panel=""
      data-state="collapsed"
      hidden={true}
      id="panel--5---1"
      role="region"
      tabIndex={-1}
    >
      <div
        className="c0 c15"
      >
        <button
          aria-controls="panel--1"
          aria-expanded={false}
          className="c1"
          data-reach-disclosure-button=""
          data-state="collapsed"
          onClick={[Function]}
        >
          <h3
            className="c16"
          >
            Lighting
          </h3>
          <div>
            
            <span
              aria-label="plus"
              role="img"
            >
              <svg
                height="16"
                version="1.1"
                viewBox="0 0 16 16"
                width="16"
                xmlns="http://www.w3.org/2000/svg"
              >
                <rect
                  fill="none"
                  height="16"
                  width="16"
                />
                <polygon
                  fill="#304CA2"
                  points="14,7 9,7 9,2 7,2 7,7 2,7 2,9 7,9 7,14 9,14 9,9 14,9"
                />
              </svg>
            </span>
          </div>
        </button>
      </div>
      <div
        className="c4"
        data-reach-disclosure-panel=""
        data-state="collapsed"
        hidden={true}
        id="panel--1"
        tabIndex={-1}
      >
        <label
          className="c5"
          htmlFor="Main Electricity"
        >
          <div
            className="c6"
          >
            <input
              checked={false}
              className="c7 c8"
              id="Main Electricity"
              onChange={[Function]}
              type="checkbox"
            />
            <div
              checked={false}
              className="c9 c10"
            >
              <div
                className="c11 c12"
              >
                <svg
                  height="16"
                  version="1.1"
                  viewBox="0 0 16 16"
                  width="16"
                  xmlns="http://www.w3.org/2000/svg"
                >
                  <rect
                    fill="none"
                    height="16"
                    width="16"
                  />
                  <path
                    d="M2,9.014L3.414,7.6L6.004,10.189L12.593,3.6L14.007,5.014L6.003,13.017L2,9.014Z"
                    fill="#F98E08"
                  />
                </svg>
              </div>
            </div>
          </div>
          Main Electricity
          <span
            className="input-range__label"
          />
          
        </label>
        <label
          className="c5"
          htmlFor="Low-Quality Stopgap Total"
        >
          <div
            className="c6"
          >
            <input
              checked={false}
              className="c7 c8"
              id="Low-Quality Stopgap Total"
              onChange={[Function]}
              type="checkbox"
            />
            <div
              checked={false}
              className="c9 c10"
            >
              <div
                className="c11 c12"
              >
                <svg
                  height="16"
                  version="1.1"
                  viewBox="0 0 16 16"
                  width="16"
                  xmlns="http://www.w3.org/2000/svg"
                >
                  <rect
                    fill="none"
                    height="16"
                    width="16"
                  />
                  <path
                    d="M2,9.014L3.414,7.6L6.004,10.189L12.593,3.6L14.007,5.014L6.003,13.017L2,9.014Z"
                    fill="#F98E08"
                  />
                </svg>
              </div>
            </div>
          </div>
          Low-Quality Stopgap Total
          <span
            className="input-range__label"
          />
          
        </label>
        <label
          className="c5"
          htmlFor="Kerosene (Total)"
        >
          <div
            className="c6"
          >
            <input
              checked={true}
              className="c7 c8"
              id="Kerosene (Total)"
              onChange={[Function]}
              type="checkbox"
            />
            <div
              checked={true}
              className="c9 c17"
            >
              <div
                className="c11 c12"
              >
                <svg
                  height="16"
                  version="1.1"
                  viewBox="0 0 16 16"
                  width="16"
                  xmlns="http://www.w3.org/2000/svg"
                >
                  <rect
                    fill="none"
                    height="16"
                    width="16"
                  />
                  <path
                    d="M2,9.014L3.414,7.6L6.004,10.189L12.593,3.6L14.007,5.014L6.003,13.017L2,9.014Z"
                    fill="#F98E08"
                  />
                </svg>
              </div>
            </div>
          </div>
          Kerosene (Total)
          <span
            className="input-range__label"
          >
            in %
          </span>
          
        </label>
        <div
          className="c18"
        >
          <div
            className="c19"
          />
          <div
            className="input-range__label"
            style={
              Object {
                "marginTop": "16px",
              }
            }
          >
            <span
              className="input-range__label--min"
            >
              0
            </span>
            <span
              className="input-range__label--max"
            >
              50
            </span>
          </div>
        </div>
        <label
          className="c5"
          htmlFor="Paraffin Pressure Lamp"
        >
          <div
            className="c6"
          >
            <input
              checked={false}
              className="c7 c8"
              id="Paraffin Pressure Lamp"
              onChange={[Function]}
              type="checkbox"
            />
            <div
              checked={false}
              className="c9 c10"
            >
              <div
                className="c11 c12"
              >
                <svg
                  height="16"
                  version="1.1"
                  viewBox="0 0 16 16"
                  width="16"
                  xmlns="http://www.w3.org/2000/svg"
                >
                  <rect
                    fill="none"
                    height="16"
                    width="16"
                  />
                  <path
                    d="M2,9.014L3.414,7.6L6.004,10.189L12.593,3.6L14.007,5.014L6.003,13.017L2,9.014Z"
                    fill="#F98E08"
                  />
                </svg>
              </div>
            </div>
          </div>
          Paraffin Pressure Lamp
          <span
            className="input-range__label"
          />
          
        </label>
        <label
          className="c5"
          htmlFor="Paraffin Lantern"
        >
          <div
            className="c6"
          >
            <input
              checked={false}
              className="c7 c8"
              id="Paraffin Lantern"
              onChange={[Function]}
              type="checkbox"
            />
            <div
              checked={false}
              className="c9 c10"
            >
              <div
                className="c11 c12"
              >
                <svg
                  height="16"
                  version="1.1"
                  viewBox="0 0 16 16"
                  width="16"
                  xmlns="http://www.w3.org/2000/svg"
                >
                  <rect
                    fill="none"
                    height="16"
                    width="16"
                  />
                  <path
                    d="M2,9.014L3.414,7.6L6.004,10.189L12.593,3.6L14.007,5.014L6.003,13.017L2,9.014Z"
                    fill="#F98E08"
                  />
                </svg>
              </div>
            </div>
          </div>
          Paraffin Lantern
          <span
            className="input-range__label"
          />
          
        </label>
        <label
          className="c5"
          htmlFor="Paraffin Tin Lamp"
        >
          <div
            className="c6"
          >
            <input
              checked={false}
              className="c7 c8"
              id="Paraffin Tin Lamp"
              onChange={[Function]}
              type="checkbox"
            />
            <div
              checked={false}
              className="c9 c10"
            >
              <div
                className="c11 c12"
              >
                <svg
                  height="16"
                  version="1.1"
                  viewBox="0 0 16 16"
                  width="16"
                  xmlns="http://www.w3.org/2000/svg"
                >
                  <rect
                    fill="none"
                    height="16"
                    width="16"
                  />
                  <path
                    d="M2,9.014L3.414,7.6L6.004,10.189L12.593,3.6L14.007,5.014L6.003,13.017L2,9.014Z"
                    fill="#F98E08"
                  />
                </svg>
              </div>
            </div>
          </div>
          Paraffin Tin Lamp
          <span
            className="input-range__label"
          />
          
        </label>
        <label
          className="c5"
          htmlFor="Gas Lamp"
        >
          <div
            className="c6"
          >
            <input
              checked={false}
              className="c7 c8"
              id="Gas Lamp"
              onChange={[Function]}
              type="checkbox"
            />
            <div
              checked={false}
              className="c9 c10"
            >
              <div
                className="c11 c12"
              >
                <svg
                  height="16"
                  version="1.1"
                  viewBox="0 0 16 16"
                  width="16"
                  xmlns="http://www.w3.org/2000/svg"
                >
                  <rect
                    fill="none"
                    height="16"
                    width="16"
                  />
                  <path
                    d="M2,9.014L3.414,7.6L6.004,10.189L12.593,3.6L14.007,5.014L6.003,13.017L2,9.014Z"
                    fill="#F98E08"
                  />
                </svg>
              </div>
            </div>
          </div>
          Gas Lamp
          <span
            className="input-range__label"
          />
          
        </label>
        <label
          className="c5"
          htmlFor="Wood"
        >
          <div
            className="c6"
          >
            <input
              checked={false}
              className="c7 c8"
              id="Wood"
              onChange={[Function]}
              type="checkbox"
            />
            <div
              checked={false}
              className="c9 c10"
            >
              <div
                className="c11 c12"
              >
                <svg
                  height="16"
                  version="1.1"
                  viewBox="0 0 16 16"
                  width="16"
                  xmlns="http://www.w3.org/2000/svg"
                >
                  <rect
                    fill="none"
                    height="16"
                    width="16"
                  />
                  <path
                    d="M2,9.014L3.414,7.6L6.004,10.189L12.593,3.6L14.007,5.014L6.003,13.017L2,9.014Z"
                    fill="#F98E08"
                  />
                </svg>
              </div>
            </div>
          </div>
          Wood
          <span
            className="input-range__label"
          />
          
        </label>
        <label
          className="c5"
          htmlFor="Solar (Total)"
        >
          <div
            className="c6"
          >
            <input
              checked={false}
              className="c7 c8"
              id="Solar (Total)"
              onChange={[Function]}
              type="checkbox"
            />
            <div
              checked={false}
              className="c9 c10"
            >
              <div
                className="c11 c12"
              >
                <svg
                  height="16"
                  version="1.1"
                  viewBox="0 0 16 16"
                  width="16"
                  xmlns="http://www.w3.org/2000/svg"
                >
                  <rect
                    fill="none"
                    height="16"
                    width="16"
                  />
                  <path
                    d="M2,9.014L3.414,7.6L6.004,10.189L12.593,3.6L14.007,5.014L6.003,13.017L2,9.014Z"
                    fill="#F98E08"
                  />
                </svg>
              </div>
            </div>
          </div>
          Solar (Total)
          <span
            className="input-range__label"
          />
          
        </label>
        <label
          className="c5"
          htmlFor="Solar"
        >
          <div
            className="c6"
          >
            <input
              checked={false}
              className="c7 c8"
              id="Solar"
              onChange={[Function]}
              type="checkbox"
            />
            <div
              checked={false}
              className="c9 c10"
            >
              <div
                className="c11 c12"
              >
                <svg
                  height="16"
                  version="1.1"
                  viewBox="0 0 16 16"
                  width="16"
                  xmlns="http://www.w3.org/2000/svg"
                >
                  <rect
                    fill="none"
                    height="16"
                    width="16"
                  />
                  <path
                    d="M2,9.014L3.414,7.6L6.004,10.189L12.593,3.6L14.007,5.014L6.003,13.017L2,9.014Z"
                    fill="#F98E08"
                  />
                </svg>
              </div>
            </div>
          </div>
          Solar
          <span
            className="input-range__label"
          />
          
        </label>
        <label
          className="c5"
          htmlFor="Torch / Spotlight (Solar-Charged)"
        >
          <div
            className="c6"
          >
            <input
              checked={false}
              className="c7 c8"
              id="Torch / Spotlight (Solar-Charged)"
              onChange={[Function]}
              type="checkbox"
            />
            <div
              checked={false}
              className="c9 c10"
            >
              <div
                className="c11 c12"
              >
                <svg
                  height="16"
                  version="1.1"
                  viewBox="0 0 16 16"
                  width="16"
                  xmlns="http://www.w3.org/2000/svg"
                >
                  <rect
                    fill="none"
                    height="16"
                    width="16"
                  />
                  <path
                    d="M2,9.014L3.414,7.6L6.004,10.189L12.593,3.6L14.007,5.014L6.003,13.017L2,9.014Z"
                    fill="#F98E08"
                  />
                </svg>
              </div>
            </div>
          </div>
          Torch / Spotlight (Solar-Charged)
          <span
            className="input-range__label"
          />
          
        </label>
        <label
          className="c5"
          htmlFor="Torch / Spotlight (Dry Cells))"
        >
          <div
            className="c6"
          >
            <input
              checked={false}
              className="c7 c8"
              id="Torch / Spotlight (Dry Cells))"
              onChange={[Function]}
              type="checkbox"
            />
            <div
              checked={false}
              className="c9 c10"
            >
              <div
                className="c11 c12"
              >
                <svg
                  height="16"
                  version="1.1"
                  viewBox="0 0 16 16"
                  width="16"
                  xmlns="http://www.w3.org/2000/svg"
                >
                  <rect
                    fill="none"
                    height="16"
                    width="16"
                  />
                  <path
                    d="M2,9.014L3.414,7.6L6.004,10.189L12.593,3.6L14.007,5.014L6.003,13.017L2,9.014Z"
                    fill="#F98E08"
                  />
                </svg>
              </div>
            </div>
          </div>
          Torch / Spotlight (Dry Cells))
          <span
            className="input-range__label"
          />
          
        </label>
      </div>
      <div
        className="c0 c15"
      >
        <button
          aria-controls="panel--2"
          aria-expanded={false}
          className="c1"
          data-reach-disclosure-button=""
          data-state="collapsed"
          onClick={[Function]}
        >
          <h3
            className="c16"
          >
            Cooking Fuels
          </h3>
          <div>
            
            <span
              aria-label="plus"
              role="img"
            >
              <svg
                height="16"
                version="1.1"
                viewBox="0 0 16 16"
                width="16"
                xmlns="http://www.w3.org/2000/svg"
              >
                <rect
                  fill="none"
                  height="16"
                  width="16"
                />
                <polygon
                  fill="#304CA2"
                  points="14,7 9,7 9,2 7,2 7,7 2,7 2,9 7,9 7,14 9,14 9,9 14,9"
                />
              </svg>
            </span>
          </div>
        </button>
      </div>
      <div
        className="c4"
        data-reach-disclosure-panel=""
        data-state="collapsed"
        hidden={true}
        id="panel--2"
        tabIndex={-1}
      >
        <label
          className="c5"
          htmlFor="Cooking - Electricity"
        >
          <div
            className="c6"
          >
            <input
              checked={false}
              className="c7 c8"
              id="Cooking - Electricity"
              onChange={[Function]}
              type="checkbox"
            />
            <div
              checked={false}
              className="c9 c10"
            >
              <div
                className="c11 c12"
              >
                <svg
                  height="16"
                  version="1.1"
                  viewBox="0 0 16 16"
                  width="16"
                  xmlns="http://www.w3.org/2000/svg"
                >
                  <rect
                    fill="none"
                    height="16"
                    width="16"
                  />
                  <path
                    d="M2,9.014L3.414,7.6L6.004,10.189L12.593,3.6L14.007,5.014L6.003,13.017L2,9.014Z"
                    fill="#F98E08"
                  />
                </svg>
              </div>
            </div>
          </div>
          Electricity
          <span
            className="input-range__label"
          />
          
        </label>
        <label
          className="c5"
          htmlFor="Cooking - Charcoal"
        >
          <div
            className="c6"
          >
            <input
              checked={false}
              className="c7 c8"
              id="Cooking - Charcoal"
              onChange={[Function]}
              type="checkbox"
            />
            <div
              checked={false}
              className="c9 c10"
            >
              <div
                className="c11 c12"
              >
                <svg
                  height="16"
                  version="1.1"
                  viewBox="0 0 16 16"
                  width="16"
                  xmlns="http://www.w3.org/2000/svg"
                >
                  <rect
                    fill="none"
                    height="16"
                    width="16"
                  />
                  <path
                    d="M2,9.014L3.414,7.6L6.004,10.189L12.593,3.6L14.007,5.014L6.003,13.017L2,9.014Z"
                    fill="#F98E08"
                  />
                </svg>
              </div>
            </div>
          </div>
          Charcoal
          <span
            className="input-range__label"
          />
          
        </label>
        <label
          className="c5"
          htmlFor="Cooking - Gas (LPG)"
        >
          <div
            className="c6"
          >
            <input
              checked={false}
              className="c7 c8"
              id="Cooking - Gas (LPG)"
              onChange={[Function]}
              type="checkbox"
            />
            <div
              checked={false}
              className="c9 c10"
            >
              <div
                className="c11 c12"
              >
                <svg
                  height="16"
                  version="1.1"
                  viewBox="0 0 16 16"
                  width="16"
                  xmlns="http://www.w3.org/2000/svg"
                >
                  <rect
                    fill="none"
                    height="16"
                    width="16"
                  />
                  <path
                    d="M2,9.014L3.414,7.6L6.004,10.189L12.593,3.6L14.007,5.014L6.003,13.017L2,9.014Z"
                    fill="#F98E08"
                  />
                </svg>
              </div>
            </div>
          </div>
          Gas (LPG)
          <span
            className="input-range__label"
          />
          
        </label>
        <label
          className="c5"
          htmlFor="Cooking - Biogas"
        >
          <div
            className="c6"
          >
            <input
              checked={false}
              className="c7 c8"
              id="Cooking - Biogas"
              onChange={[Function]}
              type="checkbox"
            />
            <div
              checked={false}
              className="c9 c10"
            >
              <div
                className="c11 c12"
              >
                <svg
                  height="16"
                  version="1.1"
                  viewBox="0 0 16 16"
                  width="16"
                  xmlns="http://www.w3.org/2000/svg"
                >
                  <rect
                    fill="none"
                    height="16"
                    width="16"
                  />
                  <path
                    d="M2,9.014L3.414,7.6L6.004,10.189L12.593,3.6L14.007,5.014L6.003,13.017L2,9.014Z"
                    fill="#F98E08"
                  />
                </svg>
              </div>
            </div>
          </div>
          Biogas
          <span
            className="input-range__label"
          />
          
        </label>
        <label
          className="c5"
          htmlFor="Cooking - Firewood"
        >
          <div
            className="c6"
          >
            <input
              checked={false}
              className="c7 c8"
              id="Cooking - Firewood"
              onChange={[Function]}
              type="checkbox"
            />
            <div
              checked={false}
              className="c9 c10"
            >
              <div
                className="c11 c12"
              >
                <svg
                  height="16"
                  version="1.1"
                  viewBox="0 0 16 16"
                  width="16"
                  xmlns="http://www.w3.org/2000/svg"
                >
                  <rect
                    fill="none"
                    height="16"
                    width="16"
                  />
                  <path
                    d="M2,9.014L3.414,7.6L6.004,10.189L12.593,3.6L14.007,5.014L6.003,13.017L2,9.014Z"
                    fill="#F98E08"
                  />
                </svg>
              </div>
            </div>
          </div>
          Firewood
          <span
            className="input-range__label"
          />
          
        </label>
      </div>
      <div
        className="c0 c15"
      >
        <button
          aria-controls="panel--3"
          aria-expanded={false}
          className="c1"
          data-reach-disclosure-button=""
          data-state="collapsed"
          onClick={[Function]}
        >
          <h3
            className="c16"
          >
            Grid Electricity
          </h3>
          <div>
            
            <span
              aria-label="plus"
              role="img"
            >
              <svg
                height="16"
                version="1.1"
                viewBox="0 0 16 16"
                width="16"
                xmlns="http://www.w3.org/2000/svg"
              >
                <rect
                  fill="none"
                  height="16"
                  width="16"
                />
                <polygon
                  fill="#304CA2"
                  points="14,7 9,7 9,2 7,2 7,7 2,7 2,9 7,9 7,14 9,14 9,9 14,9"
                />
              </svg>
            </span>
          </div>
        </button>
      </div>
      <div
        className="c4"
        data-reach-disclosure-panel=""
        data-state="collapsed"
        hidden={true}
        id="panel--3"
        tabIndex={-1}
      >
        <label
          className="c5"
          htmlFor="gridfinder"
        >
          <div
            className="c6"
          >
            <input
              checked={true}
              className="c7 c8"
              id="gridfinder"
              onChange={[Function]}
              type="checkbox"
            />
            <div
              checked={true}
              className="c9 c17"
            >
              <div
                className="c11 c12"
              >
                <svg
                  height="16"
                  version="1.1"
                  viewBox="0 0 16 16"
                  width="16"
                  xmlns="http://www.w3.org/2000/svg"
                >
                  <rect
                    fill="none"
                    height="16"
                    width="16"
                  />
                  <path
                    d="M2,9.014L3.414,7.6L6.004,10.189L12.593,3.6L14.007,5.014L6.003,13.017L2,9.014Z"
                    fill="#F98E08"
                  />
                </svg>
              </div>
            </div>
          </div>
          Gridfinder Map
          <div
            className="c20"
            color="orange"
          />
          <span
            className="input-range__label"
          />
          
        </label>
      </div>
    </div>
  </div>
  <div
    data-reach-accordion-item=""
    data-state="collapsed"
  >
    <div
      className="c0"
    >
      <button
        aria-controls="panel--5---1"
        aria-expanded={false}
        className="c1"
        data-reach-accordion-button=""
        id="button--5---1"
        onClick={[Function]}
        onKeyDown={[Function]}
      >
        <div>
          <div
            className="c2"
          >
            
          </div>
          <div
            className="c3"
          >
            <h2>
              Public Facilities and Institutions
            </h2>
            <p>
              Locations of Financial Services, Schools, Doctors, Hospitals and other Health Institutions.
            </p>
          </div>
        </div>
        <span
          aria-label="chevron down"
          role="img"
        >
          <svg
            height="16"
            version="1.1"
            viewBox="0 0 16 16"
            width="16"
            xmlns="http://www.w3.org/2000/svg"
          >
            <rect
              fill="none"
              height="16"
              width="16"
            />
            <polygon
              fill="#304CA2"
              points="14.586,3.586 8,10.172 1.414,3.586 0,5 8,13 16,5"
            />
          </svg>
        </span>
      </button>
    </div>
    <div
      aria-labelledby="button--5---1"
      className="c4"
      data-reach-accordion-panel=""
      data-state="collapsed"
      hidden={true}
      id="panel--5---1"
      role="region"
      tabIndex={-1}
    >
      <div
        className="c0 c15"
      >
        <button
          aria-controls="panel--4"
          aria-expanded={false}
          className="c1"
          data-reach-disclosure-button=""
          data-state="collapsed"
          onClick={[Function]}
        >
          <h3
            className="c16"
          >
            Financial Services
          </h3>
          <div>
            
            <span
              aria-label="plus"
              role="img"
            >
              <svg
                height="16"
                version="1.1"
                viewBox="0 0 16 16"
                width="16"
                xmlns="http://www.w3.org/2000/svg"
              >
                <rect
                  fill="none"
                  height="16"
                  width="16"
                />
                <polygon
                  fill="#304CA2"
                  points="14,7 9,7 9,2 7,2 7,7 2,7 2,9 7,9 7,14 9,14 9,9 14,9"
                />
              </svg>
            </span>
          </div>
        </button>
      </div>
      <div
        className="c4"
        data-reach-disclosure-panel=""
        data-state="collapsed"
        hidden={true}
        id="panel--4"
        tabIndex={-1}
      >
        <label
          className="c5"
          htmlFor="banks"
        >
          <div
            className="c6"
          >
            <input
              checked={false}
              className="c7 c8"
              id="banks"
              onChange={[Function]}
              type="checkbox"
            />
            <div
              checked={false}
              className="c9 c10"
            >
              <div
                className="c11 c12"
              >
                <svg
                  height="16"
                  version="1.1"
                  viewBox="0 0 16 16"
                  width="16"
                  xmlns="http://www.w3.org/2000/svg"
                >
                  <rect
                    fill="none"
                    height="16"
                    width="16"
                  />
                  <path
                    d="M2,9.014L3.414,7.6L6.004,10.189L12.593,3.6L14.007,5.014L6.003,13.017L2,9.014Z"
                    fill="#F98E08"
                  />
                </svg>
              </div>
            </div>
          </div>
          Banks (OSM)
          <span
            className="input-range__label"
          />
          
        </label>
        <label
          className="c5"
          htmlFor="mfi"
        >
          <div
            className="c6"
          >
            <input
              checked={false}
              className="c7 c8"
              id="mfi"
              onChange={[Function]}
              type="checkbox"
            />
            <div
              checked={false}
              className="c9 c10"
            >
              <div
                className="c11 c12"
              >
                <svg
                  height="16"
                  version="1.1"
                  viewBox="0 0 16 16"
                  width="16"
                  xmlns="http://www.w3.org/2000/svg"
                >
                  <rect
                    fill="none"
                    height="16"
                    width="16"
                  />
                  <path
                    d="M2,9.014L3.414,7.6L6.004,10.189L12.593,3.6L14.007,5.014L6.003,13.017L2,9.014Z"
                    fill="#F98E08"
                  />
                </svg>
              </div>
            </div>
          </div>
          MFIs
          <span
            className="input-range__label"
          />
          
        </label>
        <label
          className="c5"
          htmlFor="sacco"
        >
          <div
            className="c6"
          >
            <input
              checked={false}
              className="c7 c8"
              id="sacco"
              onChange={[Function]}
              type="checkbox"
            />
            <div
              checked={false}
              className="c9 c10"
            >
              <div
                className="c11 c12"
              >
                <svg
                  height="16"
                  version="1.1"
                  viewBox="0 0 16 16"
                  width="16"
                  xmlns="http://www.w3.org/2000/svg"
                >
                  <rect
                    fill="none"
                    height="16"
                    width="16"
                  />
                  <path
                    d="M2,9.014L3.414,7.6L6.004,10.189L12.593,3.6L14.007,5.014L6.003,13.017L2,9.014Z"
                    fill="#F98E08"
                  />
                </svg>
              </div>
            </div>
          </div>
          SACCOs
          <span
            className="input-range__label"
          />
          
        </label>
      </div>
      <label
        className="c5"
        htmlFor="health"
      >
        <div
          className="c6"
        >
          <input
            checked={false}
            className="c7 c8"
            id="health"
            onChange={[Function]}
            type="checkbox"
          />
          <div
            checked={false}
            className="c9 c10"
          >
            <div
              className="c11 c12"
            >
              <svg
                height="16"
                version="1.1"
                viewBox="0 0 16 16"
                width="16"
                xmlns="http://www.w3.org/2000/svg"
              >
                <rect
                  fill="none"
                  height="16"
                  width="16"
                />
                <path
                  d="M2,9.014L3.414,7.6L6.004,10.189L12.593,3.6L14.007,5.014L6.003,13.017L2,9.014Z"
                  fill="#F98E08"
                />
              </svg>
            </div>
          </div>
        </div>
        Health Facilities
        <span
          className="input-range__label"
        />
        
      </label>
      <label
        className="c5"
        htmlFor="education"
      >
        <div
          className="c6"
        >
          <input
            checked={false}
            className="c7 c8"
            id="education"
            onChange={[Function]}
            type="checkbox"
          />
          <div
            checked={false}
            className="c9 c10"
          >
            <div
              className="c11 c12"
            >
              <svg
                height="16"
                version="1.1"
                viewBox="0 0 16 16"
                width="16"
                xmlns="http://www.w3.org/2000/svg"
              >
                <rect
                  fill="none"
                  height="16"
                  width="16"
                />
                <path
                  d="M2,9.014L3.414,7.6L6.004,10.189L12.593,3.6L14.007,5.014L6.003,13.017L2,9.014Z"
                  fill="#F98E08"
                />
              </svg>
            </div>
          </div>
        </div>
        Education Facilities
        <span
          className="input-range__label"
        />
        
      </label>
    </div>
  </div>
  <div
    data-reach-accordion-item=""
    data-state="collapsed"
  >
    <div
      className="c0"
    >
      <button
        aria-controls="panel--5---1"
        aria-expanded={false}
        className="c1"
        data-reach-accordion-button=""
        id="button--5---1"
        onClick={[Function]}
        onKeyDown={[Function]}
      >
        <div>
          <div
            className="c2"
          >
            
          </div>
          <div
            className="c3"
          >
            <h2>
              Demographics
            </h2>
            <p>
              Population density, Night Lights and Mobile Phone Coverage.
            </p>
          </div>
        </div>
        <span
          aria-label="chevron down"
          role="img"
        >
          <svg
            height="16"
            version="1.1"
            viewBox="0 0 16 16"
            width="16"
            xmlns="http://www.w3.org/2000/svg"
          >
            <rect
              fill="none"
              height="16"
              width="16"
            />
            <polygon
              fill="#304CA2"
              points="14.586,3.586 8,10.172 1.414,3.586 0,5 8,13 16,5"
            />
          </svg>
        </span>
      </button>
    </div>
    <div
      aria-labelledby="button--5---1"
      className="c4"
      data-reach-accordion-panel=""
      data-state="collapsed"
      hidden={true}
      id="panel--5---1"
      role="region"
      tabIndex={-1}
    >
      <label
        className="c5"
        htmlFor="arc"
      >
        <div
          className="c6"
        >
          <input
            checked={false}
            className="c7 c8"
            id="arc"
            onChange={[Function]}
            type="checkbox"
          />
          <div
            checked={false}
            className="c9 c10"
          >
            <div
              className="c11 c12"
            >
              <svg
                height="16"
                version="1.1"
                viewBox="0 0 16 16"
                width="16"
                xmlns="http://www.w3.org/2000/svg"
              >
                <rect
                  fill="none"
                  height="16"
                  width="16"
                />
                <path
                  d="M2,9.014L3.414,7.6L6.004,10.189L12.593,3.6L14.007,5.014L6.003,13.017L2,9.014Z"
                  fill="#F98E08"
                />
              </svg>
            </div>
          </div>
        </div>
        Population Density (ARC 2016)
        <span
          className="input-range__label"
        />
        
      </label>
      <label
        className="c5"
        htmlFor="fb-population"
      >
        <div
          className="c6"
        >
          <input
            checked={false}
            className="c7 c8"
            id="fb-population"
            onChange={[Function]}
            type="checkbox"
          />
          <div
            checked={false}
            className="c9 c10"
          >
            <div
              className="c11 c12"
            >
              <svg
                height="16"
                version="1.1"
                viewBox="0 0 16 16"
                width="16"
                xmlns="http://www.w3.org/2000/svg"
              >
                <rect
                  fill="none"
                  height="16"
                  width="16"
                />
                <path
                  d="M2,9.014L3.414,7.6L6.004,10.189L12.593,3.6L14.007,5.014L6.003,13.017L2,9.014Z"
                  fill="#F98E08"
                />
              </svg>
            </div>
          </div>
        </div>
        FB Population Density
        <span
          className="input-range__label"
        />
        
      </label>
    </div>
  </div>
</div>
`;
